plan {
  inputs {
    bar = "baz"
    foo = "bar"
  }

  task "test-1" {
    description = "desc foo"
  }

  task "test-1" {
    description = "desc foo"

    bar  = "baz"
    foo  = "${result.Result}"
    quux = "quux"
  }

  task "store" {
    foo = "${result.Result}"
  }

  task "test-1" {
    description = "desc foo"

    foo = "${foo}"
  }

  task "delete" {
    key = "foo"
  }
}